******************************************************************************
                  TI ARM Linker PC v16.9.2                     
******************************************************************************
>> Linked Thu Apr 20 16:19:29 2017

OUTPUT FILE NAME:   <Prjct_tirtos_driverlib.out>
ENTRY POINT SYMBOL: "_c_int00"  address: 00003531


MEMORY CONFIGURATION

         name            origin    length      used     unused   attr    fill
----------------------  --------  ---------  --------  --------  ----  --------
  MAIN                  00000000   00040000  000070cd  00038f33  R  X
  INFO                  00200000   00004000  00000000  00004000  R  X
  SRAM_CODE             01000000   00010000  00000000  00010000  RW X
  SRAM_DATA             20000000   00010000  00009624  000069dc  RW  


SEGMENT ALLOCATION MAP

run origin  load origin   length   init length attrs members
----------  ----------- ---------- ----------- ----- -------
00000000    00000000    000070d8   000070d8    r-x
  00000000    00000000    0000003c   0000003c    r-- .resetVecs
  00000040    00000040    000050a2   000050a2    r-x .text
  000050e4    000050e4    00001d67   00001d67    r-- .const
  00006e50    00006e50    00000288   00000288    r-- .cinit
20000140    20000140    00008000   00000000    r--
  20000140    20000140    00008000   00000000    r-- .priheap
20008140    20008140    000010e4   00000000    rw-
  20008140    20008140    00000a74   00000000    rw- .bss
  20008bb4    20008bb4    00000670   00000000    rw- .data
2000fc00    2000fc00    00000400   00000000    rw-
  2000fc00    2000fc00    00000400   00000000    rw- .stack


SECTION ALLOCATION MAP

 output                                  attributes/
section   page    origin      length       input sections
--------  ----  ----------  ----------   ----------------
.text      0    00000040    000050a2     
                  00000040    00000430     sysbios.aem4f : BIOS.obj (.text:ti_sysbios_family_arm_m3_Hwi_excDumpRegs__I)
                  00000470    00000354     ti.targets.arm.rtsarm.aem4f : System.oem4f (.text:xdc_runtime_System_doPrint__I)
                  000007c4    00000324     rtsv7M4_T_le_v4SPD16_eabi.lib : trgdrv.obj (.text)
                  00000ae8    000002d0     drivers_msp432p4xx.aem4f : PowerMSP432.oem4f (.text:Power_sleep)
                  00000db8    00000174     sysbios.aem4f : BIOS.obj (.text:ti_sysbios_family_arm_m3_Hwi_excBusFault__I)
                  00000f2c    00000004     drivers_msp432p4xx.aem4f : List.oem4f (.text:List_head)
                  00000f30    00000164     sysbios.aem4f : BIOS.obj (.text:ti_sysbios_family_arm_m3_Hwi_excUsageFault__I)
                  00001094    00000154     msp432p4xx_driverlib.lib : adc14.o (.text:_getIndexForMemRegister)
                  000011e8    0000014c     drivers_msp432p4xx.aem4f : PowerMSP432.oem4f (.text:initPerfControl)
                  00001334    00000004                              : List.oem4f (.text:List_next)
                  00001338    00000148     sysbios.aem4f : BIOS.obj (.text:ti_sysbios_family_arm_m3_Hwi_excMemFault__I)
                  00001480    00000138                   : BIOS.obj (.text:ti_sysbios_knl_Semaphore_pend__E)
                  000015b8    00000130     ti.targets.arm.rtsarm.aem4f : Error.oem4f (.text:xdc_runtime_Error_policyDefault__E)
                  000016e8    0000010c     sysbios.aem4f : BIOS.obj (.text:ti_sysbios_family_arm_m3_Hwi_excFillContext__I)
                  000017f4    00000004     Prjct_tirtos_driverlib_pem4f.oem4f (.text:ti_sysbios_BIOS_RtsGateProxy_enter__E)
                  000017f8    00000108     sysbios.aem4f : BIOS.obj (.text:ti_sysbios_family_arm_m3_Hwi_excHandlerMax__I)
                  00001900    00000104     Motor_control.obj (.text:motors_Config)
                  00001a04    00000100     Motor_control.obj (.text:motors_Drive)
                  00001b04    000000f8     ti.targets.arm.rtsarm.aem4f : Startup.oem4f (.text:xdc_runtime_Startup_startMods__I)
                  00001bfc    000000f8     Prjct_tirtos_driverlib_pem4f.oem4f (.text:xdc_runtime_System_printfExtend__I)
                  00001cf4    000000ec     sysbios.aem4f : m3_Hwi_asm.obj (.text:ti_sysbios_family_arm_m3_Hwi_dispatch__I)
                  00001de0    000000e8     ti.targets.arm.rtsarm.aem4f : Core-mem.oem4f (.text:xdc_runtime_Core_createObject__I)
                  00001ec8    000000e0     msp432p4xx_driverlib.lib : cs.o (.text:CS_initClockSignal)
                  00001fa8    000000cc     ti.targets.arm.rtsarm.aem4f : Core-smem.oem4f (.text:xdc_runtime_Core_constructObject__I)
                  00002074    00000004     Prjct_tirtos_driverlib_pem4f.oem4f (.text:ti_sysbios_BIOS_RtsGateProxy_leave__E)
                  00002078    000000c8     sysbios.aem4f : BIOS.obj (.text:ti_sysbios_family_arm_msp432_init_Boot_setupCS)
                  00002140    000000c8                   : BIOS.obj (.text:ti_sysbios_knl_Task_sleep__E)
                  00002208    000000bc                   : BIOS.obj (.text:ti_sysbios_family_arm_m3_Hwi_excDebugMon__I)
                  000022c4    00000004     Prjct_tirtos_driverlib_pem4f.oem4f (.text:ti_sysbios_family_arm_m3_TaskSupport_Module__startupDone__S)
                  000022c8    000000bc     sysbios.aem4f : BIOS.obj (.text:ti_sysbios_family_arm_m3_Hwi_excHardFault__I)
                  00002384    00000004     Prjct_tirtos_driverlib_pem4f.oem4f (.text:ti_sysbios_heaps_HeapMem_Module_GateProxy_enter__E)
                  00002388    000000b4     sysbios.aem4f : BIOS.obj (.text:ti_sysbios_knl_Task_checkStacks__E)
                  0000243c    000000ac     Motor_control.obj (.text:PORT3Handler)
                  000024e8    000000a8     sysbios.aem4f : BIOS.obj (.text:ti_sysbios_family_arm_msp432_Timer_periodicStub__E)
                  00002590    000000a0     auto_init.aem4f : auto_init.oem4f (.text)
                  00002630    0000009e     ti.targets.arm.rtsarm.aem4f : Text.oem4f (.text:xdc_runtime_Text_putSite__E)
                  000026ce    0000009c     rtsv7M4_T_le_v4SPD16_eabi.lib : memcpy_t2.obj (.text)
                  0000276a    00000002     dpl_msp432p4xx.aem4f : PowerMSP432_tirtos.oem4f (.text:PowerMSP432_initPolicy)
                  0000276c    00000098     ti.targets.arm.rtsarm.aem4f : Text.oem4f (.text:xdc_runtime_Text_putMod__E)
                  00002804    00000004     Prjct_tirtos_driverlib_pem4f.oem4f (.text:ti_sysbios_heaps_HeapMem_Module_GateProxy_leave__E)
                  00002808    00000094     sysbios.aem4f : BIOS.obj (.text:ti_sysbios_family_arm_m3_Hwi_initNVIC__E)
                  0000289c    0000008c                   : m3_TaskSupport_asm.obj (.text:ti_sysbios_family_arm_m3_TaskSupport_buildTaskStack)
                  00002928    0000008c                   : BIOS.obj (.text:ti_sysbios_knl_Task_postInit__I)
                  000029b4    00000004     Prjct_tirtos_driverlib_pem4f.oem4f (.text:ti_sysbios_knl_Clock_TimerProxy_getMaxTicks__E)
                  000029b8    00000084     sysbios.aem4f : BIOS.obj (.text:ti_sysbios_family_arm_m3_Hwi_postInit__I)
                  00002a3c    00000004     ti.targets.arm.rtsarm.aem4f : Error.oem4f (.text:xdc_runtime_Error_getSite__E)
                  00002a40    00000084     sysbios.aem4f : BIOS.obj (.text:ti_sysbios_heaps_HeapMem_free__E)
                  00002ac4    0000007a     rtsv7M4_T_le_v4SPD16_eabi.lib : memset_t2.obj (.text)
                  00002b3e    00000002                                   : i_div0.obj (.text)
                  00002b40    0000007a     sysbios.aem4f : BIOS.obj (.text:ti_sysbios_heaps_HeapMem_allocUnprotected__E)
                  00002bba    00000002     Prjct_tirtos_driverlib_pem4f.oem4f (.text:ti_sysbios_BIOS_nullFunc__I)
                  00002bbc    00000078     msp432p4xx_driverlib.lib : adc14.o (.text:ADC14_configureMultiSequenceMode)
                  00002c34    00000078     Current_log.obj (.text:current_Config)
                  00002cac    00000004     Prjct_tirtos_driverlib_pem4f.oem4f (.text:xdc_runtime_System_Module_GateProxy_enter__E)
                  00002cb0    00000078     sysbios.aem4f : BIOS.obj (.text:ti_sysbios_heaps_HeapMem_initPrimary__I)
                  00002d28    00000070                   : BIOS.obj (.text:ti_sysbios_knl_Semaphore_post__E)
                  00002d98    00000070                   : BIOS.obj (.text:ti_sysbios_knl_Task_exit__E)
                  00002e08    00000070     ti.targets.arm.rtsarm.aem4f : Error.oem4f (.text:xdc_runtime_Error_print__E)
                  00002e78    0000006d                                 : System.oem4f (.text:xdc_runtime_System_formatNum__I)
                  00002ee5    00000003     --HOLE-- [fill = 0]
                  00002ee8    0000006c     msp432p4xx_driverlib.lib : adc14.o (.text:ADC14_configureConversionMemory)
                  00002f54    00000004     Prjct_tirtos_driverlib_pem4f.oem4f (.text:xdc_runtime_System_Module_GateProxy_leave__E)
                  00002f58    0000006c     sysbios.aem4f : BIOS.obj (.text:ti_sysbios_knl_Clock_workFunc__E)
                  00002fc4    00000004     ti.targets.arm.rtsarm.aem4f : System.oem4f (.text:xdc_runtime_System_aprintf_va__F)
                  00002fc8    0000006c     sysbios.aem4f : BIOS.obj (.text:ti_sysbios_knl_Swi_restoreHwi__E)
                  00003034    0000006c     ti.targets.arm.rtsarm.aem4f : Memory.oem4f (.text:xdc_runtime_Memory_alloc__E)
                  000030a0    00000068     rtsv7M4_T_le_v4SPD16_eabi.lib : copy_decompress_lzss.obj (.text:decompress:lzss)
                  00003108    00000068                                   : trgmsg.obj (.text)
                  00003170    00000066     ti.targets.arm.rtsarm.aem4f : Core-mem.oem4f (.text:xdc_runtime_Core_deleteObject__I)
                  000031d6    00000002     --HOLE-- [fill = 0]
                  000031d8    00000064     sysbios.aem4f : BIOS.obj (.text:ti_sysbios_family_arm_m3_Hwi_dispatchC__I)
                  0000323c    00000060     Current_log.obj (.text:ADC_Convert)
                  0000329c    00000004     ti.targets.arm.rtsarm.aem4f : System.oem4f (.text:xdc_runtime_System_printf_va__F)
                  000032a0    00000060     sysbios.aem4f : BIOS.obj (.text:ti_sysbios_knl_Task_schedule__I)
                  00003300    0000005c                   : BIOS.obj (.text:ti_sysbios_knl_Swi_run__I)
                  0000335c    00000004     --HOLE-- [fill = 0]
                  00003360    0000005c                   : BIOS.obj (.text:ti_sysbios_knl_Swi_schedule__I)
                  000033bc    00000004     --HOLE-- [fill = 0]
                  000033c0    0000005c                   : BIOS.obj (.text:ti_sysbios_knl_Task_Module_startup__E)
                  0000341c    00000004     --HOLE-- [fill = 0]
                  00003420    0000005c                   : BIOS.obj (.text:ti_sysbios_knl_Task_startCore__E)
                  0000347c    0000005b     ti.targets.arm.rtsarm.aem4f : Text.oem4f (.text:xdc_runtime_Text_putLab__E)
                  000034d7    00000001     --HOLE-- [fill = 0]
                  000034d8    00000058     Motor_control.obj (.text:PORT4Handler)
                  00003530    00000058     boot.aem4f : boot.oem4f (.text)
                  00003588    00000058     sysbios.aem4f : m3_Hwi_asm_switch.obj (.text:ti_sysbios_family_arm_m3_Hwi_initStacks__E)
                  000035e0    00000058                   : BIOS.obj (.text:ti_sysbios_heaps_HeapMem_alloc__E)
                  00003638    00000054     Current_log.obj (.text:ADC_Task)
                  0000368c    00000054     drivers_msp432p4xx.aem4f : PowerMSP432.oem4f (.text:Power_init)
                  000036e0    00000054     rtsv7M4_T_le_v4SPD16_eabi.lib : exit.obj (.text)
                  00003734    00000004     --HOLE-- [fill = 0]
                  00003738    00000054     sysbios.aem4f : BIOS.obj (.text:ti_sysbios_family_arm_msp432_Timer_initDevice__I)
                  0000378c    00000054     ti.targets.arm.rtsarm.aem4f : Assert.oem4f (.text:xdc_runtime_Assert_raise__I)
                  000037e0    00000050     Current_log.obj (.text:ADCHandler)
                  00003830    00000050     dpl_msp432p4xx.aem4f : PowerMSP432_tirtos.oem4f (.text:PowerMSP432_sleepPolicy)
                  00003880    00000050     sysbios.aem4f : BIOS.obj (.text:ti_sysbios_family_arm_m3_Hwi_Module_startup__E)
                  000038d0    00000050     ti.targets.arm.rtsarm.aem4f : Startup.oem4f (.text:xdc_runtime_Startup_exec__E)
                  00003920    00000050                                 : Text.oem4f (.text:xdc_runtime_Text_visitRope2__I)
                  00003970    0000004c     rtsv7M4_T_le_v4SPD16_eabi.lib : cpy_tbl.obj (.text)
                  000039bc    00000004     --HOLE-- [fill = 0]
                  000039c0    0000004c     sysbios.aem4f : BIOS.obj (.text:ti_sysbios_family_arm_msp432_Timer_start__E)
                  00003a0c    00000004     --HOLE-- [fill = 0]
                  00003a10    0000004c                   : BIOS.obj (.text:ti_sysbios_heaps_HeapMem_getStats__E)
                  00003a5c    00000004     --HOLE-- [fill = 0]
                  00003a60    0000004c                   : BIOS.obj (.text:ti_sysbios_knl_Swi_runLoop__I)
                  00003aac    00000004     --HOLE-- [fill = 0]
                  00003ab0    0000004c                   : BIOS.obj (.text:ti_sysbios_knl_Task_allBlockedFunction__I)
                  00003afc    00000004     --HOLE-- [fill = 0]
                  00003b00    00000048                   : BIOS.obj (.text:ti_sysbios_family_arm_m3_Hwi_enableInterrupt__E)
                  00003b48    00000048                   : BIOS.obj (.text:ti_sysbios_family_arm_m3_Hwi_excReserved__I)
                  00003b90    00000046     ti.targets.arm.rtsarm.aem4f : Core-params.oem4f (.text:xdc_runtime_Core_assignParams__I)
                  00003bd6    00000002     --HOLE-- [fill = 0]
                  00003bd8    00000044     msp432p4xx_driverlib.lib : adc14.o (.text:ADC14_getMultiSequenceResult)
                  00003c1c    00000004     --HOLE-- [fill = 0]
                  00003c20    00000044     sysbios.aem4f : BIOS.obj (.text:ti_sysbios_family_arm_m3_Hwi_getStackInfo__E)
                  00003c64    00000004     --HOLE-- [fill = 0]
                  00003c68    00000044                   : BIOS.obj (.text:ti_sysbios_knl_Swi_post__E)
                  00003cac    00000044     ti.targets.arm.rtsarm.aem4f : Error.oem4f (.text:xdc_runtime_Error_setX__E)
                  00003cf0    00000044                                 : SysMin.oem4f (.text:xdc_runtime_SysMin_flush__E)
                  00003d34    00000044                                 : Text.oem4f (.text:xdc_runtime_Text_xprintf__I)
                  00003d78    00000040     drivers_msp432p4xx.aem4f : PowerMSP432.oem4f (.text:notify)
                  00003db8    00000040                              : PowerMSP432.oem4f (.text:restartHFXT)
                  00003df8    00000040     rtsv7M4_T_le_v4SPD16_eabi.lib : u_divt2.obj (.text)
                  00003e38    00000040     sysbios.aem4f : BIOS.obj (.text:ti_sysbios_family_arm_msp432_Timer_Module_startup__E)
                  00003e78    00000040                   : BIOS.obj (.text:ti_sysbios_family_arm_msp432_Timer_startup__E)
                  00003eb8    00000040                   : BIOS.obj (.text:ti_sysbios_family_arm_msp432_init_Boot_configureClocksHigh)
                  00003ef8    00000040                   : BIOS.obj (.text:ti_sysbios_heaps_HeapMem_Instance_init__E)
                  00003f38    0000003c                   : BIOS.obj (.text:ti_sysbios_family_arm_m3_Hwi_excSvCall__I)
                  00003f74    00000004     --HOLE-- [fill = 0]
                  00003f78    0000003c                   : BIOS.obj (.text:ti_sysbios_knl_Swi_restore__E)
                  00003fb4    00000038     msp432p4xx_driverlib.lib : adc14.o (.text:ADC14_initModule)
                  00003fec    00000038     Prjct_tirtos_driverlib.obj (.text:main)
                  00004024    00000004     --HOLE-- [fill = 0]
                  00004028    00000038     sysbios.aem4f : BIOS.obj (.text:ti_sysbios_family_arm_m3_Hwi_excNoIsr__I)
                  00004060    00000038     ti.targets.arm.rtsarm.aem4f : SysMin.oem4f (.text:xdc_runtime_SysMin_putch__E)
                  00004098    00000038                                 : System.oem4f (.text:xdc_runtime_System_atexit__E)
                  000040d0    00000034     sysbios.aem4f : BIOS.obj (.text:ti_sysbios_family_arm_m3_Hwi_excNmi__I)
                  00004104    00000004     --HOLE-- [fill = 0]
                  00004108    00000034                   : BIOS.obj (.text:ti_sysbios_hal_Hwi_checkStack)
                  0000413c    00000034     ti.targets.arm.rtsarm.aem4f : Core-label.oem4f (.text:xdc_runtime_Core_assignLabel__I)
                  00004170    00000033                                 : Text.oem4f (.text:xdc_runtime_Text_printVisFxn__I)
                  000041a3    00000005     --HOLE-- [fill = 0]
                  000041a8    00000032     sysbios.aem4f : BIOS.obj (.text:ti_sysbios_hal_Hwi_initStack)
                  000041da    00000002     --HOLE-- [fill = 0]
                  000041dc    00000030     Prjct_tirtos_driverlib_pem4f.oem4f (.text:ti_sysbios_BIOS_atExitFunc__I)
                  0000420c    00000030     Prjct_tirtos_driverlib_pem4f.oem4f (.text:ti_sysbios_BIOS_startFunc__I)
                  0000423c    00000004     --HOLE-- [fill = 0]
                  00004240    00000030     sysbios.aem4f : BIOS.obj (.text:ti_sysbios_family_arm_m3_TaskSupport_start__E)
                  00004270    00000030                   : BIOS.obj (.text:ti_sysbios_family_arm_msp432_Timer_setPeriod__E)
                  000042a0    00000030     Prjct_tirtos_driverlib_pem4f.oem4f (.text:ti_sysbios_gates_GateHwi_Object__create__S)
                  000042d0    00000030     Prjct_tirtos_driverlib_pem4f.oem4f (.text:ti_sysbios_gates_GateMutex_Object__create__S)
                  00004300    00000030     sysbios.aem4f : BIOS.obj (.text:ti_sysbios_gates_GateMutex_enter__E)
                  00004330    00000030     Prjct_tirtos_driverlib_pem4f.oem4f (.text:ti_sysbios_heaps_HeapMem_Object__create__S)
                  00004360    00000030     Prjct_tirtos_driverlib_pem4f.oem4f (.text:ti_sysbios_knl_Semaphore_construct)
                  00004390    00000030     sysbios.aem4f : BIOS.obj (.text:ti_sysbios_knl_Semaphore_pendTimeout__I)
                  000043c0    00000030                   : BIOS.obj (.text:ti_sysbios_knl_Task_processVitalTaskFlag__I)
                  000043f0    00000030                   : BIOS.obj (.text:ti_sysbios_knl_Task_unblockI__E)
                  00004420    00000030     ti.targets.arm.rtsarm.aem4f : SysMin.oem4f (.text:xdc_runtime_SysMin_abort__E)
                  00004450    00000030                                 : System.oem4f (.text:xdc_runtime_System_processAtExit__E)
                  00004480    0000002c     msp432p4xx_driverlib.lib : adc14.o (.text:ADC14_enableConversion)
                  000044ac    0000002c     dpl_msp432p4xx.aem4f : PowerMSP432_tirtos.oem4f (.text:PowerMSP432_updateFreqs)
                  000044d8    0000002c     Prjct_tirtos_driverlib_pem4f.oem4f (.text:ti_sysbios_knl_Clock_doTick__I)
                  00004504    0000002c     Prjct_tirtos_driverlib_pem4f.oem4f (.text:ti_sysbios_knl_Queue_construct)
                  00004530    0000002c     sysbios.aem4f : BIOS.obj (.text:ti_sysbios_knl_Task_restore__E)
                  0000455c    0000002c     ti.targets.arm.rtsarm.aem4f : Text.oem4f (.text:xdc_runtime_Text_cordText__E)
                  00004588    0000002a                                 : System.oem4f (.text:xdc_runtime_System_putchar__I)
                  000045b2    00000002     --HOLE-- [fill = 0]
                  000045b4    00000028     msp432p4xx_driverlib.lib : adc14.o (.text:ADC14_enableSampleTimer)
                  000045dc    00000028     drivers_msp432p4xx.aem4f : PowerMSP432.oem4f (.text:disableHFXT)
                  00004604    00000004     --HOLE-- [fill = 0]
                  00004608    00000028     sysbios.aem4f : BIOS.obj (.text:ti_sysbios_knl_Clock_addI__E)
                  00004630    00000028                   : BIOS.obj (.text:ti_sysbios_knl_Swi_Module_startup__E)
                  00004658    00000026                   : m3_Hwi_asm.obj (.text:ti_sysbios_family_arm_m3_Hwi_pendSV__I)
                  0000467e    00000026     ti.targets.arm.rtsarm.aem4f : System.oem4f (.text:xdc_runtime_System_avprintf__E)
                  000046a4    00000024     msp432p4xx_driverlib.lib : adc14.o (.text:ADC14_getEnabledInterruptStatus)
                  000046c8    00000024                              : cs.o (.text:CS_setDCOCenteredFrequency)
                  000046ec    00000024     Prjct_tirtos_driverlib_pem4f.oem4f (.text:ti_sysbios_BIOS_errorRaiseHook__I)
                  00004710    00000024     Prjct_tirtos_driverlib_pem4f.oem4f (.text:ti_sysbios_BIOS_registerRTSLock__I)
                  00004734    00000024     Prjct_tirtos_driverlib_pem4f.oem4f (.text:ti_sysbios_BIOS_removeRTSLock__I)
                  00004758    00000024     sysbios.aem4f : BIOS.obj (.text:ti_sysbios_family_arm_msp432_ClockFreqs_setFrequency__E)
                  0000477c    00000004     --HOLE-- [fill = 0]
                  00004780    00000024                   : BIOS.obj (.text:ti_sysbios_family_arm_msp432_Timer_postInit__I)
                  000047a4    00000024     Prjct_tirtos_driverlib_pem4f.oem4f (.text:ti_sysbios_gates_GateMutex_Object__delete__S)
                  000047c8    00000024     sysbios.aem4f : BIOS.obj (.text:ti_sysbios_knl_Clock_Module_startup__E)
                  000047ec    00000004     --HOLE-- [fill = 0]
                  000047f0    00000024                   : BIOS.obj (.text:ti_sysbios_knl_Semaphore_Instance_init__E)
                  00004814    00000004     --HOLE-- [fill = 0]
                  00004818    00000024                   : BIOS.obj (.text:ti_sysbios_knl_Task_restoreHwi__E)
                  0000483c    00000024     ti.targets.arm.rtsarm.aem4f : System.oem4f (.text:xdc_runtime_System_vprintf__E)
                  00004860    00000022     Prjct_tirtos_driverlib_pem4f.oem4f (.text:xdc_runtime_SysMin_output__I)
                  00004882    00000002     --HOLE-- [fill = 0]
                  00004884    00000020     msp432p4xx_driverlib.lib : adc14.o (.text:ADC14_clearInterruptFlag)
                  000048a4    00000020                              : adc14.o (.text:ADC14_enableInterrupt)
                  000048c4    00000020                              : adc14.o (.text:ADC14_toggleConversionTrigger)
                  000048e4    00000020     Prjct_tirtos_driverlib_pem4f.oem4f (.text:ti_sysbios_BIOS_rtsLock__I)
                  00004904    00000020     sysbios.aem4f : m3_Hwi_asm.obj (.text:ti_sysbios_family_arm_m3_Hwi_excHandlerAsm__I)
                  00004924    00000004     --HOLE-- [fill = 0]
                  00004928    00000020                   : BIOS.obj (.text:ti_sysbios_family_arm_m3_Hwi_excHandler__I)
                  00004948    00000020     Prjct_tirtos_driverlib_pem4f.oem4f (.text:ti_sysbios_gates_GateHwi_Object__delete__S)
                  00004968    00000020     Prjct_tirtos_driverlib_pem4f.oem4f (.text:ti_sysbios_heaps_HeapMem_Object__delete__S)
                  00004988    00000020     sysbios.aem4f : BIOS.obj (.text:ti_sysbios_knl_Idle_run__E)
                  000049a8    00000020     Prjct_tirtos_driverlib_pem4f.oem4f (.text:ti_sysbios_knl_Semaphore_destruct)
                  000049c8    00000020     ti.targets.arm.rtsarm.aem4f : Registry.oem4f (.text:xdc_runtime_Registry_findById__E)
                  000049e8    00000020                                 : SysMin.oem4f (.text:xdc_runtime_SysMin_Module_startup__E)
                  00004a08    0000001e     sysbios.aem4f : m3_Hwi_asm_switch.obj (.text:ti_sysbios_family_xxx_Hwi_switchAndRunFunc)
                  00004a26    00000002     --HOLE-- [fill = 0]
                  00004a28    0000001c     msp432p4xx_driverlib.lib : adc14.o (.text:ADC14_getInterruptStatus)
                  00004a44    00000004     --HOLE-- [fill = 0]
                  00004a48    0000001c     sysbios.aem4f : BIOS.obj (.text:ti_sysbios_gates_GateMutex_Instance_init__E)
                  00004a64    0000001c     Prjct_tirtos_driverlib_pem4f.oem4f (.text:ti_sysbios_knl_Queue_destruct)
                  00004a80    0000001c     sysbios.aem4f : BIOS.obj (.text:ti_sysbios_knl_Queue_put__E)
                  00004a9c    00000004     --HOLE-- [fill = 0]
                  00004aa0    0000001c                   : BIOS.obj (.text:ti_sysbios_knl_Task_enter__I)
                  00004abc    0000001c     ti.targets.arm.rtsarm.aem4f : Error.oem4f (.text:xdc_runtime_Error_check__E)
                  00004ad8    0000001c                                 : Error.oem4f (.text:xdc_runtime_Error_raiseX__E)
                  00004af4    0000001c                                 : Memory.oem4f (.text:xdc_runtime_Memory_valloc__E)
                  00004b10    0000001c                                 : SysMin.oem4f (.text:xdc_runtime_SysMin_exit__E)
                  00004b2c    0000001c                                 : System.oem4f (.text:xdc_runtime_System_abort__E)
                  00004b48    0000001a     Prjct_tirtos_driverlib_pem4f.oem4f (.text:ti_sysbios_family_arm_m3_Hwi_Handle__label__S)
                  00004b62    0000001a     Prjct_tirtos_driverlib_pem4f.oem4f (.text:ti_sysbios_gates_GateHwi_Handle__label__S)
                  00004b7c    0000001a     Prjct_tirtos_driverlib_pem4f.oem4f (.text:ti_sysbios_gates_GateMutex_Handle__label__S)
                  00004b96    0000001a     Prjct_tirtos_driverlib_pem4f.oem4f (.text:ti_sysbios_heaps_HeapMem_Handle__label__S)
                  00004bb0    0000001a     Prjct_tirtos_driverlib_pem4f.oem4f (.text:ti_sysbios_knl_Swi_Handle__label__S)
                  00004bca    0000001a     Prjct_tirtos_driverlib_pem4f.oem4f (.text:ti_sysbios_knl_Task_Handle__label__S)
                  00004be4    0000001a     Prjct_tirtos_driverlib_pem4f.oem4f (.text:xdc_runtime_System_aprintf__E)
                  00004bfe    0000001a     Prjct_tirtos_driverlib_pem4f.oem4f (.text:xdc_runtime_System_printf__E)
                  00004c18    00000018     Prjct_tirtos_driverlib_pem4f.oem4f (.text:.bootCodeSection:ti_sysbios_family_arm_msp432_init_Boot_init__I)
                  00004c30    00000018     drivers_msp432p4xx.aem4f : PowerMSP432.oem4f (.text:Power_idleFunc)
                  00004c48    00000018     Prjct_tirtos_driverlib.obj (.text:motor_task)
                  00004c60    00000018     rtsv7M4_T_le_v4SPD16_eabi.lib : args_main.obj (.text)
                  00004c78    00000018     Prjct_tirtos_driverlib_pem4f.oem4f (.text:ti_sysbios_BIOS_rtsUnlock__I)
                  00004c90    00000018     Prjct_tirtos_driverlib_pem4f.oem4f (.text:ti_sysbios_family_arm_m3_Hwi_Module__startupDone__F)
                  00004ca8    00000018     sysbios.aem4f : m3_TaskSupport_asm.obj (.text:ti_sysbios_family_arm_m3_TaskSupport_swap__E)
                  00004cc0    00000018     Prjct_tirtos_driverlib_pem4f.oem4f (.text:ti_sysbios_family_arm_msp432_Timer_Module__startupDone__F)
                  00004cd8    00000018     sysbios.aem4f : BIOS.obj (.text:ti_sysbios_gates_GateMutex_leave__E)
                  00004cf0    00000018                   : BIOS.obj (.text:ti_sysbios_knl_Task_sleepTimeout__I)
                  00004d08    00000018     ti.targets.arm.rtsarm.aem4f : Error.oem4f (.text:xdc_runtime_Error_init__E)
                  00004d20    00000018                                 : System.oem4f (.text:xdc_runtime_System_exit__E)
                  00004d38    00000018                                 : Text.oem4f (.text:xdc_runtime_Text_ropeText__E)
                  00004d50    00000016     Prjct_tirtos_driverlib_pem4f.oem4f (.text:ti_sysbios_BIOS_exitFunc__I)
                  00004d66    00000002     --HOLE-- [fill = 0]
                  00004d68    00000016     sysbios.aem4f : BIOS.obj (.text:ti_sysbios_knl_Task_unblock__E)
                  00004d7e    00000002     --HOLE-- [fill = 0]
                  00004d80    00000014     msp432p4xx_driverlib.lib : adc14.o (.text:ADCIsConversionRunning)
                  00004d94    00000014     rtsv7M4_T_le_v4SPD16_eabi.lib : _lock.obj (.text)
                  00004da8    00000014                                   : strcpy.obj (.text)
                  00004dbc    00000014                                   : strlen.obj (.text)
                  00004dd0    00000014     Prjct_tirtos_driverlib_pem4f.oem4f (.text:ti_sysbios_family_arm_m3_Hwi_Object__get__S)
                  00004de4    00000004     --HOLE-- [fill = 0]
                  00004de8    00000014     sysbios.aem4f : BIOS.obj (.text:ti_sysbios_family_arm_m3_Hwi_switchFromBootStack__E)
                  00004dfc    00000014     Prjct_tirtos_driverlib_pem4f.oem4f (.text:ti_sysbios_heaps_HeapMem_Object__get__S)
                  00004e10    00000014     Prjct_tirtos_driverlib_pem4f.oem4f (.text:ti_sysbios_knl_Swi_Object__get__S)
                  00004e24    00000004     --HOLE-- [fill = 0]
                  00004e28    00000012     sysbios.aem4f : BIOS.obj (.text:ti_sysbios_hal_Hwi_Module_startup__E)
                  00004e3a    00000012     Prjct_tirtos_driverlib_pem4f.oem4f (.text:xdc_runtime_Startup_exec__I)
                  00004e4c    00000010     msp432p4xx_driverlib.lib : adc14.o (.text:ADC14_enableModule)
                  00004e5c    00000010                              : sysctl.o (.text:SysCtl_disableNMISource)
                  00004e6c    00000010                              : sysctl.o (.text:SysCtl_enableNMISource)
                  00004e7c    00000010                              : sysctl.o (.text:SysCtl_getNMISourceStatus)
                  00004e8c    00000004     --HOLE-- [fill = 0]
                  00004e90    00000010     sysbios.aem4f : BIOS.obj (.text:ti_sysbios_BIOS_exit__E)
                  00004ea0    00000010                   : BIOS.obj (.text:ti_sysbios_BIOS_setCpuFreq__E)
                  00004eb0    00000010                   : BIOS.obj (.text:ti_sysbios_BIOS_setThreadType__E)
                  00004ec0    00000010                   : BIOS.obj (.text:ti_sysbios_BIOS_start__E)
                  00004ed0    00000010                   : m3_TaskSupport_asm.obj (.text:ti_sysbios_family_arm_m3_TaskSupport_glue)
                  00004ee0    00000010                   : BIOS.obj (.text:ti_sysbios_family_arm_msp432_init_Boot_disableWatchdog)
                  00004ef0    00000010                   : BIOS.obj (.text:ti_sysbios_gates_GateMutex_Instance_finalize__E)
                  00004f00    00000010                   : BIOS.obj (.text:ti_sysbios_knl_Semaphore_Instance_finalize__E)
                  00004f10    00000010                   : BIOS.obj (.text:ti_sysbios_knl_Swi_disable__E)
                  00004f20    00000010     Prjct_tirtos_driverlib_pem4f.oem4f (.text:ti_sysbios_knl_Task_Object__get__S)
                  00004f30    00000010     sysbios.aem4f : BIOS.obj (.text:ti_sysbios_knl_Task_disable__E)
                  00004f40    00000010     ti.targets.arm.rtsarm.aem4f : Gate.oem4f (.text:xdc_runtime_Gate_leaveSystem__E)
                  00004f50    00000010                                 : Memory.oem4f (.text:xdc_runtime_Memory_free__E)
                  00004f60    00000010                                 : SysMin.oem4f (.text:xdc_runtime_SysMin_ready__E)
                  00004f70    00000010                                 : System.oem4f (.text:xdc_runtime_System_vsnprintf__E)
                  00004f80    00000010     Prjct_tirtos_driverlib_pem4f.oem4f (.text:xdc_runtime_Text_visitRope__I)
                  00004f90    0000000e     rtsv7M4_T_le_v4SPD16_eabi.lib : copy_decompress_none.obj (.text:decompress:none)
                  00004f9e    00000002     --HOLE-- [fill = 0]
                  00004fa0    0000000e     sysbios.aem4f : BIOS.obj (.text:ti_sysbios_knl_Idle_loop__E)
                  00004fae    00000002     --HOLE-- [fill = 0]
                  00004fb0    0000000e                   : BIOS.obj (.text:ti_sysbios_knl_Queue_empty__E)
                  00004fbe    0000000c     msp432p4xx_driverlib.lib : cpu.o (.text:CPU_cpsid)
                  00004fca    0000000c                              : cpu.o (.text:CPU_cpsie)
                  00004fd6    00000002     --HOLE-- [fill = 0]
                  00004fd8    0000000c     drivers_msp432p4xx.aem4f : PowerMSP432.oem4f (.text:Power_getConstraintMask)
                  00004fe4    0000000c     rtsv7M4_T_le_v4SPD16_eabi.lib : copy_zero_init.obj (.text:decompress:ZI)
                  00004ff0    0000000c     sysbios.aem4f : BIOS.obj (.text:ti_sysbios_family_arm_m3_TaskSupport_checkStack__E)
                  00004ffc    00000004     --HOLE-- [fill = 0]
                  00005000    0000000c                   : BIOS.obj (.text:ti_sysbios_family_arm_msp432_Timer_getMaxTicks__E)
                  0000500c    00000004     --HOLE-- [fill = 0]
                  00005010    0000000c                   : BIOS.obj (.text:ti_sysbios_gates_GateHwi_enter__E)
                  0000501c    0000000c     Prjct_tirtos_driverlib_pem4f.oem4f (.text:ti_sysbios_knl_Queue_Object__get__S)
                  00005028    0000000c     ti.targets.arm.rtsarm.aem4f : Gate.oem4f (.text:xdc_runtime_Gate_enterSystem__E)
                  00005034    0000000c                                 : Memory.oem4f (.text:xdc_runtime_Memory_calloc__E)
                  00005040    0000000c                                 : Memory.oem4f (.text:xdc_runtime_Memory_getMaxDefaultTypeAlign__E)
                  0000504c    0000000c                                 : Startup.oem4f (.text:xdc_runtime_Startup_rtsDone__E)
                  00005058    0000000a     Prjct_tirtos_driverlib_pem4f.oem4f (.text:xdc_runtime_IHeap_alloc)
                  00005062    0000000a     Prjct_tirtos_driverlib_pem4f.oem4f (.text:xdc_runtime_IHeap_free)
                  0000506c    00000008     MSP_EXP432P401R.obj (.text:MSP_EXP432P401R_initGeneral)
                  00005074    00000004     --HOLE-- [fill = 0]
                  00005078    00000008     sysbios.aem4f : BIOS.obj (.text:ti_sysbios_family_arm_m3_Hwi_doSwiRestore__I)
                  00005080    00000008                   : BIOS.obj (.text:ti_sysbios_family_arm_m3_Hwi_startup__E)
                  00005088    00000006                   : BIOS.obj (.text:ti_sysbios_family_arm_m3_Hwi_doTaskRestore__I)
                  0000508e    00000002     --HOLE-- [fill = 0]
                  00005090    00000006                   : BIOS.obj (.text:ti_sysbios_gates_GateHwi_leave__E)
                  00005096    00000002     --HOLE-- [fill = 0]
                  00005098    00000006                   : BIOS.obj (.text:ti_sysbios_heaps_HeapMem_isBlocking__E)
                  0000509e    00000002     --HOLE-- [fill = 0]
                  000050a0    00000006                   : BIOS.obj (.text:ti_sysbios_knl_Queue_Instance_init__E)
                  000050a6    00000002     --HOLE-- [fill = 0]
                  000050a8    00000006                   : BIOS.obj (.text:ti_sysbios_knl_Swi_startup__E)
                  000050ae    00000006     ti.targets.arm.rtsarm.aem4f : System.oem4f (.text:xdc_runtime_System_Module_startup__E)
                  000050b4    00000004     --HOLE-- [fill = 0]
                  000050b8    00000004     sysbios.aem4f : BIOS.obj (.text:ti_sysbios_gates_GateHwi_query__E)
                  000050bc    00000004     --HOLE-- [fill = 0]
                  000050c0    00000004                   : BIOS.obj (.text:ti_sysbios_gates_GateMutex_query__E)
                  000050c4    00000004     --HOLE-- [fill = 0]
                  000050c8    00000004                   : BIOS.obj (.text:ti_sysbios_knl_Task_startup__E)
                  000050cc    00000004     --HOLE-- [fill = 0]
                  000050d0    00000002                   : BIOS.obj (.text:ti_sysbios_BIOS_linkedWithIncorrectBootLibrary__E)
                  000050d2    00000006     --HOLE-- [fill = 0]
                  000050d8    00000002                   : BIOS.obj (.text:ti_sysbios_gates_GateHwi_Instance_init__E)
                  000050da    00000006     --HOLE-- [fill = 0]
                  000050e0    00000002                   : BIOS.obj (.text:ti_sysbios_knl_Clock_logTick__E)

.resetVecs 
*          0    00000000    0000003c     
                  00000000    0000003c     Prjct_tirtos_driverlib_pem4f.oem4f (.resetVecs)

.binit     0    00000000    00000000     

.const     0    000050e4    00001d67     
                  000050e4    0000186c     Prjct_tirtos_driverlib_pem4f.oem4f (.const:xdc_runtime_Text_charTab__A)
                  00006950    000000b0     Prjct_tirtos_driverlib_pem4f.oem4f (.const:xdc_runtime_Text_nodeTab__A)
                  00006a00    00000080     msp432p4xx_driverlib.lib : adc14.o (.const:_ctlRegs)
                  00006a80    00000048     Prjct_tirtos_driverlib_pem4f.oem4f (.const:.string)
                  00006ac8    00000028     Prjct_tirtos_driverlib_pem4f.oem4f (.const:ti_sysbios_heaps_HeapMem_Module__FXNS__C)
                  00006af0    00000024     Prjct_tirtos_driverlib_pem4f.oem4f (.const:ti_sysbios_gates_GateHwi_Module__FXNS__C)
                  00006b14    00000024     Prjct_tirtos_driverlib_pem4f.oem4f (.const:ti_sysbios_gates_GateMutex_Module__FXNS__C)
                  00006b38    00000024     Prjct_tirtos_driverlib_pem4f.oem4f (.const:ti_sysbios_heaps_HeapMem_Object__PARAMS__C)
                  00006b5c    00000024     Prjct_tirtos_driverlib_pem4f.oem4f (.const:ti_sysbios_knl_Semaphore_Object__PARAMS__C)
                  00006b80    00000020     Prjct_tirtos_driverlib_pem4f.oem4f (.const:ti_sysbios_gates_GateHwi_Object__DESC__C)
                  00006ba0    00000020     Prjct_tirtos_driverlib_pem4f.oem4f (.const:ti_sysbios_gates_GateMutex_Object__DESC__C)
                  00006bc0    00000020     Prjct_tirtos_driverlib_pem4f.oem4f (.const:ti_sysbios_heaps_HeapMem_Object__DESC__C)
                  00006be0    00000020     Prjct_tirtos_driverlib_pem4f.oem4f (.const:ti_sysbios_knl_Queue_Object__DESC__C)
                  00006c00    00000020     Prjct_tirtos_driverlib_pem4f.oem4f (.const:ti_sysbios_knl_Semaphore_Object__DESC__C)
                  00006c20    00000020     Prjct_tirtos_driverlib_pem4f.oem4f (.const:xdc_runtime_Startup_sfxnTab__A)
                  00006c40    0000001c     Prjct_tirtos_driverlib_pem4f.oem4f (.const)
                  00006c5c    00000018     MSP_EXP432P401R.obj (.const:PowerMSP432_config)
                  00006c74    00000018     Prjct_tirtos_driverlib_pem4f.oem4f (.const:ti_sysbios_gates_GateHwi_Object__PARAMS__C)
                  00006c8c    00000018     Prjct_tirtos_driverlib_pem4f.oem4f (.const:ti_sysbios_gates_GateMutex_Object__PARAMS__C)
                  00006ca4    00000018     Prjct_tirtos_driverlib_pem4f.oem4f (.const:ti_sysbios_knl_Queue_Object__PARAMS__C)
                  00006cbc    00000010     Prjct_tirtos_driverlib_pem4f.oem4f (.const:xdc_runtime_Startup_sfxnRts__A)
                  00006ccc    0000000c     Prjct_tirtos_driverlib_pem4f.oem4f (.const:xdc_runtime_Startup_firstFxns__A)
                  00006cd8    00000008     Motor_control.obj (.const:.string:$P$T0$1)
                  00006ce0    00000008     Prjct_tirtos_driverlib_pem4f.oem4f (.const:ti_sysbios_family_arm_m3_Hwi_excHookFuncs__A)
                  00006ce8    00000008     Prjct_tirtos_driverlib_pem4f.oem4f (.const:ti_sysbios_knl_Idle_funcList__A)
                  00006cf0    00000008     Prjct_tirtos_driverlib_pem4f.oem4f (.const:ti_sysbios_knl_Idle_funcList__C)
                  00006cf8    00000008     Prjct_tirtos_driverlib_pem4f.oem4f (.const:xdc_runtime_Startup_firstFxns__C)
                  00006d00    00000008     Prjct_tirtos_driverlib_pem4f.oem4f (.const:xdc_runtime_Startup_lastFxns__C)
                  00006d08    00000004     Prjct_tirtos_driverlib_pem4f.oem4f (.const:ti_sysbios_family_arm_m3_Hwi_E_NMI__C)
                  00006d0c    00000004     Prjct_tirtos_driverlib_pem4f.oem4f (.const:ti_sysbios_family_arm_m3_Hwi_E_busFault__C)
                  00006d10    00000004     Prjct_tirtos_driverlib_pem4f.oem4f (.const:ti_sysbios_family_arm_m3_Hwi_E_debugMon__C)
                  00006d14    00000004     Prjct_tirtos_driverlib_pem4f.oem4f (.const:ti_sysbios_family_arm_m3_Hwi_E_hardFault__C)
                  00006d18    00000004     Prjct_tirtos_driverlib_pem4f.oem4f (.const:ti_sysbios_family_arm_m3_Hwi_E_memFault__C)
                  00006d1c    00000004     Prjct_tirtos_driverlib_pem4f.oem4f (.const:ti_sysbios_family_arm_m3_Hwi_E_noIsr__C)
                  00006d20    00000004     Prjct_tirtos_driverlib_pem4f.oem4f (.const:ti_sysbios_family_arm_m3_Hwi_E_reserved__C)
                  00006d24    00000004     Prjct_tirtos_driverlib_pem4f.oem4f (.const:ti_sysbios_family_arm_m3_Hwi_E_svCall__C)
                  00006d28    00000004     Prjct_tirtos_driverlib_pem4f.oem4f (.const:ti_sysbios_family_arm_m3_Hwi_E_usageFault__C)
                  00006d2c    00000004     Prjct_tirtos_driverlib_pem4f.oem4f (.const:ti_sysbios_family_arm_m3_Hwi_NUM_INTERRUPTS__C)
                  00006d30    00000004     Prjct_tirtos_driverlib_pem4f.oem4f (.const:ti_sysbios_family_arm_m3_Hwi_Object__count__C)
                  00006d34    00000004     Prjct_tirtos_driverlib_pem4f.oem4f (.const:ti_sysbios_family_arm_m3_Hwi_ccr__C)
                  00006d38    00000004     Prjct_tirtos_driverlib_pem4f.oem4f (.const:ti_sysbios_family_arm_m3_Hwi_excHandlerFunc__C)
                  00006d3c    00000004     Prjct_tirtos_driverlib_pem4f.oem4f (.const:ti_sysbios_family_arm_m3_Hwi_excHookFuncs__C)
                  00006d40    00000004     Prjct_tirtos_driverlib_pem4f.oem4f (.const:ti_sysbios_family_arm_m3_Hwi_nullIsrFunc__C)
                  00006d44    00000004     Prjct_tirtos_driverlib_pem4f.oem4f (.const:ti_sysbios_family_arm_m3_Hwi_priGroup__C)
                  00006d48    00000004     Prjct_tirtos_driverlib_pem4f.oem4f (.const:ti_sysbios_family_arm_m3_Hwi_swiDisable__C)
                  00006d4c    00000004     Prjct_tirtos_driverlib_pem4f.oem4f (.const:ti_sysbios_family_arm_m3_Hwi_swiRestoreHwi__C)
                  00006d50    00000004     Prjct_tirtos_driverlib_pem4f.oem4f (.const:ti_sysbios_family_arm_msp432_Timer_numTimerDevices__C)
                  00006d54    00000004     Prjct_tirtos_driverlib_pem4f.oem4f (.const:ti_sysbios_family_arm_msp432_Timer_startupNeeded__C)
                  00006d58    00000004     Prjct_tirtos_driverlib_pem4f.oem4f (.const:ti_sysbios_gates_GateMutex_Instance_State_sem__O)
                  00006d5c    00000004     Prjct_tirtos_driverlib_pem4f.oem4f (.const:ti_sysbios_hal_Hwi_E_stackOverflow__C)
                  00006d60    00000004     Prjct_tirtos_driverlib_pem4f.oem4f (.const:ti_sysbios_heaps_HeapMem_E_memory__C)
                  00006d64    00000004     Prjct_tirtos_driverlib_pem4f.oem4f (.const:ti_sysbios_heaps_HeapMem_Module__gateObj__C)
                  00006d68    00000004     Prjct_tirtos_driverlib_pem4f.oem4f (.const:ti_sysbios_heaps_HeapMem_Object__count__C)
                  00006d6c    00000004     Prjct_tirtos_driverlib_pem4f.oem4f (.const:ti_sysbios_heaps_HeapMem_primaryHeapBaseAddr__C)
                  00006d70    00000004     Prjct_tirtos_driverlib_pem4f.oem4f (.const:ti_sysbios_heaps_HeapMem_primaryHeapEndAddr__C)
                  00006d74    00000004     Prjct_tirtos_driverlib_pem4f.oem4f (.const:ti_sysbios_heaps_HeapMem_reqAlign__C)
                  00006d78    00000004     Prjct_tirtos_driverlib_pem4f.oem4f (.const:ti_sysbios_knl_Clock_Module_State_clockQ__O)
                  00006d7c    00000004     Prjct_tirtos_driverlib_pem4f.oem4f (.const:ti_sysbios_knl_Semaphore_Instance_State_pendQ__O)
                  00006d80    00000004     Prjct_tirtos_driverlib_pem4f.oem4f (.const:ti_sysbios_knl_Swi_Object__count__C)
                  00006d84    00000004     Prjct_tirtos_driverlib_pem4f.oem4f (.const:ti_sysbios_knl_Task_E_spOutOfBounds__C)
                  00006d88    00000004     Prjct_tirtos_driverlib_pem4f.oem4f (.const:ti_sysbios_knl_Task_E_stackOverflow__C)
                  00006d8c    00000004     Prjct_tirtos_driverlib_pem4f.oem4f (.const:ti_sysbios_knl_Task_Module_State_inactiveQ__O)
                  00006d90    00000004     Prjct_tirtos_driverlib_pem4f.oem4f (.const:ti_sysbios_knl_Task_Object__count__C)
                  00006d94    00000004     Prjct_tirtos_driverlib_pem4f.oem4f (.const:ti_sysbios_knl_Task_allBlockedFunc__C)
                  00006d98    00000004     Prjct_tirtos_driverlib_pem4f.oem4f (.const:ti_sysbios_knl_Task_numConstructedTasks__C)
                  00006d9c    00000004     Prjct_tirtos_driverlib_pem4f.oem4f (.const:xdc_runtime_Assert_E_assertFailed__C)
                  00006da0    00000004     Prjct_tirtos_driverlib_pem4f.oem4f (.const:xdc_runtime_Core_A_initializedParams__C)
                  00006da4    00000004     Prjct_tirtos_driverlib_pem4f.oem4f (.const:xdc_runtime_Core_Module__diagsEnabled__C)
                  00006da8    00000004     Prjct_tirtos_driverlib_pem4f.oem4f (.const:xdc_runtime_Core_Module__diagsIncluded__C)
                  00006dac    00000004     Prjct_tirtos_driverlib_pem4f.oem4f (.const:xdc_runtime_Core_Module__diagsMask__C)
                  00006db0    00000004     Prjct_tirtos_driverlib_pem4f.oem4f (.const:xdc_runtime_Error_E_memory__C)
                  00006db4    00000004     Prjct_tirtos_driverlib_pem4f.oem4f (.const:xdc_runtime_Error_Module__diagsEnabled__C)
                  00006db8    00000004     Prjct_tirtos_driverlib_pem4f.oem4f (.const:xdc_runtime_Error_Module__diagsIncluded__C)
                  00006dbc    00000004     Prjct_tirtos_driverlib_pem4f.oem4f (.const:xdc_runtime_Error_Module__diagsMask__C)
                  00006dc0    00000004     Prjct_tirtos_driverlib_pem4f.oem4f (.const:xdc_runtime_Error_Module__loggerFxn8__C)
                  00006dc4    00000004     Prjct_tirtos_driverlib_pem4f.oem4f (.const:xdc_runtime_Error_Module__loggerObj__C)
                  00006dc8    00000004     Prjct_tirtos_driverlib_pem4f.oem4f (.const:xdc_runtime_Error_policyFxn__C)
                  00006dcc    00000004     Prjct_tirtos_driverlib_pem4f.oem4f (.const:xdc_runtime_Error_raiseHook__C)
                  00006dd0    00000004     Prjct_tirtos_driverlib_pem4f.oem4f (.const:xdc_runtime_IGateProvider_Interface__BASE__C)
                  00006dd4    00000004     Prjct_tirtos_driverlib_pem4f.oem4f (.const:xdc_runtime_IHeap_Interface__BASE__C)
                  00006dd8    00000004     Prjct_tirtos_driverlib_pem4f.oem4f (.const:xdc_runtime_IModule_Interface__BASE__C)
                  00006ddc    00000004     Prjct_tirtos_driverlib_pem4f.oem4f (.const:xdc_runtime_Log_L_error__C)
                  00006de0    00000004     Prjct_tirtos_driverlib_pem4f.oem4f (.const:xdc_runtime_Memory_defaultHeapInstance__C)
                  00006de4    00000004     Prjct_tirtos_driverlib_pem4f.oem4f (.const:xdc_runtime_Startup_execImpl__C)
                  00006de8    00000004     Prjct_tirtos_driverlib_pem4f.oem4f (.const:xdc_runtime_Startup_maxPasses__C)
                  00006dec    00000004     Prjct_tirtos_driverlib_pem4f.oem4f (.const:xdc_runtime_Startup_sfxnRts__C)
                  00006df0    00000004     Prjct_tirtos_driverlib_pem4f.oem4f (.const:xdc_runtime_Startup_sfxnTab__C)
                  00006df4    00000004     Prjct_tirtos_driverlib_pem4f.oem4f (.const:xdc_runtime_SysMin_bufSize__C)
                  00006df8    00000004     Prjct_tirtos_driverlib_pem4f.oem4f (.const:xdc_runtime_SysMin_outputFunc__C)
                  00006dfc    00000004     Prjct_tirtos_driverlib_pem4f.oem4f (.const:xdc_runtime_System_Module__gateObj__C)
                  00006e00    00000004     Prjct_tirtos_driverlib_pem4f.oem4f (.const:xdc_runtime_System_abortFxn__C)
                  00006e04    00000004     Prjct_tirtos_driverlib_pem4f.oem4f (.const:xdc_runtime_System_exitFxn__C)
                  00006e08    00000004     Prjct_tirtos_driverlib_pem4f.oem4f (.const:xdc_runtime_System_extendFxn__C)
                  00006e0c    00000004     Prjct_tirtos_driverlib_pem4f.oem4f (.const:xdc_runtime_System_maxAtexitHandlers__C)
                  00006e10    00000004     Prjct_tirtos_driverlib_pem4f.oem4f (.const:xdc_runtime_Text_charTab__C)
                  00006e14    00000004     Prjct_tirtos_driverlib_pem4f.oem4f (.const:xdc_runtime_Text_nameEmpty__C)
                  00006e18    00000004     Prjct_tirtos_driverlib_pem4f.oem4f (.const:xdc_runtime_Text_nameStatic__C)
                  00006e1c    00000004     Prjct_tirtos_driverlib_pem4f.oem4f (.const:xdc_runtime_Text_nameUnknown__C)
                  00006e20    00000004     Prjct_tirtos_driverlib_pem4f.oem4f (.const:xdc_runtime_Text_nodeTab__C)
                  00006e24    00000004     Prjct_tirtos_driverlib_pem4f.oem4f (.const:xdc_runtime_Text_visitRopeFxn__C)
                  00006e28    00000002     Prjct_tirtos_driverlib_pem4f.oem4f (.const:ti_sysbios_family_arm_m3_Hwi_Module__id__C)
                  00006e2a    00000002     Prjct_tirtos_driverlib_pem4f.oem4f (.const:ti_sysbios_family_arm_msp432_init_Boot_bypassHFXT__C)
                  00006e2c    00000002     Prjct_tirtos_driverlib_pem4f.oem4f (.const:ti_sysbios_family_arm_msp432_init_Boot_bypassLFXT__C)
                  00006e2e    00000002     Prjct_tirtos_driverlib_pem4f.oem4f (.const:ti_sysbios_family_arm_msp432_init_Boot_enableHFXT__C)
                  00006e30    00000002     Prjct_tirtos_driverlib_pem4f.oem4f (.const:ti_sysbios_family_arm_msp432_init_Boot_enableLFXT__C)
                  00006e32    00000002     Prjct_tirtos_driverlib_pem4f.oem4f (.const:ti_sysbios_hal_Hwi_Module__id__C)
                  00006e34    00000002     Prjct_tirtos_driverlib_pem4f.oem4f (.const:ti_sysbios_heaps_HeapMem_Module__id__C)
                  00006e36    00000002     Prjct_tirtos_driverlib_pem4f.oem4f (.const:ti_sysbios_knl_Task_Module__id__C)
                  00006e38    00000002     Prjct_tirtos_driverlib_pem4f.oem4f (.const:xdc_runtime_Core_Module__id__C)
                  00006e3a    00000002     Prjct_tirtos_driverlib_pem4f.oem4f (.const:xdc_runtime_Error_Module__loggerDefined__C)
                  00006e3c    00000002     Prjct_tirtos_driverlib_pem4f.oem4f (.const:xdc_runtime_Error_maxDepth__C)
                  00006e3e    00000002     Prjct_tirtos_driverlib_pem4f.oem4f (.const:xdc_runtime_Memory_Module__id__C)
                  00006e40    00000002     Prjct_tirtos_driverlib_pem4f.oem4f (.const:xdc_runtime_SysMin_flushAtExit__C)
                  00006e42    00000002     Prjct_tirtos_driverlib_pem4f.oem4f (.const:xdc_runtime_Text_charCnt__C)
                  00006e44    00000002     Prjct_tirtos_driverlib_pem4f.oem4f (.const:xdc_runtime_Text_isLoaded__C)
                  00006e46    00000002     Prjct_tirtos_driverlib_pem4f.oem4f (.const:xdc_runtime_Text_registryModsLastId__C)
                  00006e48    00000002     Prjct_tirtos_driverlib_pem4f.oem4f (.const:xdc_runtime_Text_unnamedModsLastId__C)
                  00006e4a    00000001     Prjct_tirtos_driverlib_pem4f.oem4f (.const:xdc_runtime_Error_policy__C)

.cinit     0    00006e50    00000288     
                  00006e50    00000263     (.cinit..data.load) [load image, compression = lzss]
                  000070b3    00000001     --HOLE-- [fill = 0]
                  000070b4    0000000c     (__TI_handler_table)
                  000070c0    00000008     (.cinit..bss.load) [load image, compression = zero_init]
                  000070c8    00000010     (__TI_cinit_table)

.init_array 
*          0    00000000    00000000     UNINITIALIZED

.vecs      0    20000000    00000140     NOLOAD SECTION
                  20000000    00000140     Prjct_tirtos_driverlib_pem4f.oem4f (.vecs)

.priheap   0    20000140    00008000     UNINITIALIZED
                  20000140    00008000     --HOLE--

.bss       0    20008140    00000a74     UNINITIALIZED
                  20008140    00000600     Prjct_tirtos_driverlib_pem4f.oem4f (.bss:taskStackSection)
                  20008740    00000200     (.common:xdc_runtime_SysMin_Module_State_0_outbuf__A)
                  20008940    00000140     (.common:ti_sysbios_family_arm_m3_Hwi_dispatchTable)
                  20008a80    00000120     rtsv7M4_T_le_v4SPD16_eabi.lib : trgmsg.obj (.bss:_CIOBUF_)
                  20008ba0    00000008                                   : trgdrv.obj (.bss:parmbuf)
                  20008ba8    00000008     (.common:resultsBufferConv)
                  20008bb0    00000004     (.common:resultsBuffer)

.data      0    20008bb4    00000670     UNINITIALIZED
                  20008bb4    000000e4     Prjct_tirtos_driverlib_pem4f.oem4f (.data:ti_sysbios_knl_Task_Object__table__V)
                  20008c98    000000d0     drivers_msp432p4xx.aem4f : PowerMSP432.oem4f (.data:PowerMSP432_perfLevels)
                  20008d68    00000080     Prjct_tirtos_driverlib_pem4f.oem4f (.data:ti_sysbios_knl_Swi_Module_State_0_readyQ__A)
                  20008de8    00000080     Prjct_tirtos_driverlib_pem4f.oem4f (.data:ti_sysbios_knl_Task_Module_State_0_readyQ__A)
                  20008e68    00000060     Prjct_tirtos_driverlib_pem4f.oem4f (.data:ti_sysbios_family_arm_m3_Hwi_Object__table__V)
                  20008ec8    0000004c     Prjct_tirtos_driverlib_pem4f.oem4f (.data:ti_sysbios_family_arm_msp432_Timer_Object__table__V)
                  20008f14    00000044     Prjct_tirtos_driverlib_pem4f.oem4f (.data:ti_sysbios_knl_Task_Module__state__V)
                  20008f58    00000038     Prjct_tirtos_driverlib_pem4f.oem4f (.data:ti_sysbios_gates_GateMutex_Object__table__V)
                  20008f90    00000034     Prjct_tirtos_driverlib_pem4f.oem4f (.data:ti_sysbios_family_arm_m3_Hwi_Module__state__V)
                  20008fc4    00000030     Prjct_tirtos_driverlib_pem4f.oem4f (.data:ti_sysbios_knl_Swi_Object__table__V)
                  20008ff4    0000002c     drivers_msp432p4xx.aem4f : PowerMSP432.oem4f (.data:PowerMSP432_module)
                  20009020    0000002c     Prjct_tirtos_driverlib_pem4f.oem4f (.data:ti_sysbios_knl_Clock_Module__state__V)
                  2000904c    00000024     Prjct_tirtos_driverlib_pem4f.oem4f (.data:ti_sysbios_BIOS_Module__state__V)
                  20009070    00000020     Prjct_tirtos_driverlib_pem4f.oem4f (.data:ti_sysbios_family_arm_msp432_Timer_Module_State_0_device__A)
                  20009090    00000020     Prjct_tirtos_driverlib_pem4f.oem4f (.data:xdc_runtime_Error_IgnoreBlock)
                  200090b0    0000001c     Prjct_tirtos_driverlib_pem4f.oem4f (.data:ti_sysbios_knl_Swi_Module__state__V)
                  200090cc    00000018     Motor_control.obj (.data:pwmConfigLeftA)
                  200090e4    00000018     Motor_control.obj (.data:pwmConfigLeftB)
                  200090fc    00000018     Motor_control.obj (.data:pwmConfigRightA)
                  20009114    00000018     Motor_control.obj (.data:pwmConfigRightB)
                  2000912c    00000018     Prjct_tirtos_driverlib_pem4f.oem4f (.data:ti_sysbios_hal_Hwi_Object__table__V)
                  20009144    00000018     Prjct_tirtos_driverlib_pem4f.oem4f (.data:ti_sysbios_heaps_HeapMem_Object__table__V)
                  2000915c    00000014     Prjct_tirtos_driverlib_pem4f.oem4f (.data:ti_sysbios_knl_Semaphore_Object__table__V)
                  20009170    00000010     Prjct_tirtos_driverlib_pem4f.oem4f (.data:ti_sysbios_family_arm_msp432_Timer_Module_State_0_handles__A)
                  20009180    0000000c     rtsv7M4_T_le_v4SPD16_eabi.lib : exit.obj (.data:$O1$$)
                  2000918c    0000000c     Prjct_tirtos_driverlib_pem4f.oem4f (.data:ti_sysbios_family_arm_msp432_ClockFreqs_Module__state__V)
                  20009198    0000000c     Prjct_tirtos_driverlib_pem4f.oem4f (.data:ti_sysbios_family_arm_msp432_Timer_Module__state__V)
                  200091a4    0000000c     Prjct_tirtos_driverlib_pem4f.oem4f (.data:xdc_runtime_SysMin_Module__state__V)
                  200091b0    00000008     rtsv7M4_T_le_v4SPD16_eabi.lib : _lock.obj (.data:$O1$$)
                  200091b8    00000008     Motor_control.obj (.data)
                  200091c0    00000008     Prjct_tirtos_driverlib_pem4f.oem4f (.data:ti_sysbios_gates_GateHwi_Module__root__V)
                  200091c8    00000008     Prjct_tirtos_driverlib_pem4f.oem4f (.data:ti_sysbios_gates_GateMutex_Module__root__V)
                  200091d0    00000008     Prjct_tirtos_driverlib_pem4f.oem4f (.data:ti_sysbios_heaps_HeapMem_Module__root__V)
                  200091d8    00000008     Prjct_tirtos_driverlib_pem4f.oem4f (.data:ti_sysbios_knl_Queue_Module__root__V)
                  200091e0    00000008     Prjct_tirtos_driverlib_pem4f.oem4f (.data:ti_sysbios_knl_Semaphore_Module__root__V)
                  200091e8    00000008     Prjct_tirtos_driverlib_pem4f.oem4f (.data:xdc_runtime_Registry_Module__state__V)
                  200091f0    00000008     Prjct_tirtos_driverlib_pem4f.oem4f (.data:xdc_runtime_Startup_Module__state__V)
                  200091f8    00000008     Prjct_tirtos_driverlib_pem4f.oem4f (.data:xdc_runtime_System_Module_State_0_atexitHandlers__A)
                  20009200    00000008     Prjct_tirtos_driverlib_pem4f.oem4f (.data:xdc_runtime_System_Module__state__V)
                  20009208    00000004     rtsv7M4_T_le_v4SPD16_eabi.lib : stkdepth_vars.obj (.data)
                  2000920c    00000004     Prjct_tirtos_driverlib_pem4f.oem4f (.data:ti_sysbios_family_arm_m3_Hwi_Module_State_0_excContext__A)
                  20009210    00000004     Prjct_tirtos_driverlib_pem4f.oem4f (.data:ti_sysbios_family_arm_m3_Hwi_Module_State_0_excStack__A)
                  20009214    00000004     Prjct_tirtos_driverlib_pem4f.oem4f (.data:ti_sysbios_gates_GateHwi_Object__table__V)
                  20009218    00000004     Prjct_tirtos_driverlib_pem4f.oem4f (.data:ti_sysbios_knl_Task_Module_State_0_idleTask__A)
                  2000921c    00000004     Prjct_tirtos_driverlib_pem4f.oem4f (.data:xdc_runtime_Memory_Module__state__V)
                  20009220    00000002     Prjct_tirtos_driverlib_pem4f.oem4f (.data:ti_sysbios_family_arm_m3_Hwi_Module_State_0_excActive__A)
                  20009222    00000002     Prjct_tirtos_driverlib_pem4f.oem4f (.data:xdc_runtime_Error_Module__state__V)

.stack     0    2000fc00    00000400     UNINITIALIZED
                  2000fc00    00000400     --HOLE--

.bootVecs 
*          0    00000000    00000008     DSECT
                  00000000    00000008     boot.aem4f : boot.oem4f (.bootVecs)

xdc.meta   0    00000000    0000010a     COPY SECTION
                  00000000    0000010a     Prjct_tirtos_driverlib_pem4f.oem4f (xdc.meta)

MODULE SUMMARY

       Module                               code    ro data   rw data
       ------                               ----    -------   -------
    .\
       Motor_control.obj                    776     8         104    
       Current_log.obj                      380     0         12     
       Prjct_tirtos_driverlib.obj           80      0         0      
       MSP_EXP432P401R.obj                  8       24        0      
    +--+------------------------------------+-------+---------+---------+
       Total:                               1244    32        116    
                                                                     
    C:\Users\James\Documents\RTOS_Workspace\Prjct_tirtos_driverlib\Debug\configPkg\package\cfg\
       Prjct_tirtos_driverlib_pem4f.oem4f   1460    7427      3956   
    +--+------------------------------------+-------+---------+---------+
       Total:                               1460    7427      3956   
                                                                     
    C:/ti/simplelink_msp432_sdk_1_30_00_40/kernel/tirtos/packages/ti/dpl/lib/dpl_msp432p4xx.aem4f
       PowerMSP432_tirtos.oem4f             126     0         0      
    +--+------------------------------------+-------+---------+---------+
       Total:                               126     0         0      
                                                                     
    C:/ti/simplelink_msp432_sdk_1_30_00_40/source/ti/devices/msp432p4xx/driverlib/ccs/msp432p4xx_driverlib.lib
       adc14.o                              972     128       0      
       cs.o                                 260     0         0      
       sysctl.o                             48      0         0      
       cpu.o                                24      0         0      
    +--+------------------------------------+-------+---------+---------+
       Total:                               1304    128       0      
                                                                     
    C:/ti/simplelink_msp432_sdk_1_30_00_40/source/ti/drivers/lib/drivers_msp432p4xx.aem4f
       PowerMSP432.oem4f                    1340    0         252    
       List.oem4f                           8       0         0      
    +--+------------------------------------+-------+---------+---------+
       Total:                               1348    0         252    
                                                                     
    C:\Users\James\Documents\RTOS_Workspace\Prjct_tirtos_driverlib\src\sysbios\sysbios.aem4f
       BIOS.obj                             8436    0         0      
       m3_Hwi_asm.obj                       306     0         0      
       m3_TaskSupport_asm.obj               180     0         0      
       m3_Hwi_asm_switch.obj                118     0         0      
    +--+------------------------------------+-------+---------+---------+
       Total:                               9040    0         0      
                                                                     
    C:\ti\ccsv7\tools\compiler\ti-cgt-arm_16.9.2.LTS\lib\rtsv7M4_T_le_v4SPD16_eabi.lib
       trgdrv.obj                           804     0         8      
       trgmsg.obj                           104     0         288    
       memcpy_t2.obj                        156     0         0      
       memset_t2.obj                        122     0         0      
       copy_decompress_lzss.obj             104     0         0      
       exit.obj                             84      0         12     
       cpy_tbl.obj                          76      0         0      
       u_divt2.obj                          64      0         0      
       _lock.obj                            20      0         8      
       args_main.obj                        24      0         0      
       strcpy.obj                           20      0         0      
       strlen.obj                           20      0         0      
       copy_decompress_none.obj             14      0         0      
       copy_zero_init.obj                   12      0         0      
       stkdepth_vars.obj                    0       0         4      
       i_div0.obj                           2       0         0      
    +--+------------------------------------+-------+---------+---------+
       Total:                               1626    0         320    
                                                                     
    C:\ti\simplelink_msp432_sdk_1_30_00_40\kernel\tirtos\packages\ti\targets\arm\rtsarm\lib\auto_init.aem4f
       auto_init.oem4f                      160     0         0      
    +--+------------------------------------+-------+---------+---------+
       Total:                               160     0         0      
                                                                     
    C:\ti\simplelink_msp432_sdk_1_30_00_40\kernel\tirtos\packages\ti\targets\arm\rtsarm\lib\boot.aem4f
       boot.oem4f                           88      0         0      
    +--+------------------------------------+-------+---------+---------+
       Total:                               88      0         0      
                                                                     
    C:\ti\simplelink_msp432_sdk_1_30_00_40\kernel\tirtos\packages\ti\targets\arm\rtsarm\lib\ti.targets.arm.rtsarm.aem4f
       System.oem4f                         1263    0         0      
       Text.oem4f                           668     0         0      
       Error.oem4f                          568     0         0      
       Startup.oem4f                        340     0         0      
       Core-mem.oem4f                       334     0         0      
       SysMin.oem4f                         248     0         0      
       Core-smem.oem4f                      204     0         0      
       Memory.oem4f                         176     0         0      
       Assert.oem4f                         84      0         0      
       Core-params.oem4f                    70      0         0      
       Core-label.oem4f                     52      0         0      
       Registry.oem4f                       32      0         0      
       Gate.oem4f                           28      0         0      
    +--+------------------------------------+-------+---------+---------+
       Total:                               4067    0         0      
                                                                     
       Stack:                               0       0         1024   
       Linker Generated:                    0       647       0      
    +--+------------------------------------+-------+---------+---------+
       Grand Total:                         20463   8234      5668   


LINKER GENERATED COPY TABLES

__TI_cinit_table @ 000070c8 records: 2, size/record: 8, table size: 16
	.data: load addr=00006e50, load size=00000263 bytes, run addr=20008bb4, run size=00000670 bytes, compression=lzss
	.bss: load addr=000070c0, load size=00000008 bytes, run addr=20008140, run size=00000a74 bytes, compression=zero_init


LINKER GENERATED HANDLER TABLE

__TI_handler_table @ 000070b4 records: 3, size/record: 4, table size: 12
	index: 0, handler: __TI_decompress_lzss
	index: 1, handler: __TI_decompress_none
	index: 2, handler: __TI_zero_init


GLOBAL SYMBOLS: SORTED ALPHABETICALLY BY Name 

address   name                                                        
-------   ----                                                        
00004885  ADC14_clearInterruptFlag                                    
00002ee9  ADC14_configureConversionMemory                             
00002bbd  ADC14_configureMultiSequenceMode                            
00004481  ADC14_enableConversion                                      
000048a5  ADC14_enableInterrupt                                       
00004e4d  ADC14_enableModule                                          
000045b5  ADC14_enableSampleTimer                                     
000046a5  ADC14_getEnabledInterruptStatus                             
00004a29  ADC14_getInterruptStatus                                    
00003bd9  ADC14_getMultiSequenceResult                                
00003fb5  ADC14_initModule                                            
000048c5  ADC14_toggleConversionTrigger                               
000037e1  ADCHandler                                                  
00003639  ADC_Task                                                    
00006c58  ADC_sem                                                     
00006c54  ADC_task_handle                                             
000036e1  C$$EXIT                                                     
00003137  C$$IO$$                                                     
00004fbf  CPU_cpsid                                                   
00004fcb  CPU_cpsie                                                   
00001ec9  CS_initClockSignal                                          
000046c9  CS_setDCOCenteredFrequency                                  
00008000  HEAPSIZE                                                    
00000a9f  HOSTclock                                                   
00000a67  HOSTclose                                                   
00000a29  HOSTgetenv                                                  
000009cd  HOSTlseek                                                   
0000097b  HOSTopen                                                    
0000092f  HOSTread                                                    
000008d1  HOSTrename                                                  
00000897  HOSTtime                                                    
00000849  HOSTtime64                                                  
00000811  HOSTunlink                                                  
000007c5  HOSTwrite                                                   
00000f2d  List_head                                                   
00001335  List_next                                                   
0000506d  MSP_EXP432P401R_initGeneral                                 
0000243d  PORT3Handler                                                
000034d9  PORT4Handler                                                
00006c5c  PowerMSP432_config                                          
0000276b  PowerMSP432_initPolicy                                      
20008ff4  PowerMSP432_module                                          
20008c98  PowerMSP432_perfLevels                                      
00003831  PowerMSP432_sleepPolicy                                     
000044ad  PowerMSP432_updateFreqs                                     
00004fd9  Power_getConstraintMask                                     
00004c31  Power_idleFunc                                              
0000368d  Power_init                                                  
00000ae9  Power_sleep                                                 
UNDEFED   SHT$$INIT_ARRAY$$Base                                       
UNDEFED   SHT$$INIT_ARRAY$$Limit                                      
00004e5d  SysCtl_disableNMISource                                     
00004e6d  SysCtl_enableNMISource                                      
00004e7d  SysCtl_getNMISourceStatus                                   
4000480c  WDTCTL_SYM                                                  
00000000  __ASM__                                                     
20008a80  __CIOBUF_                                                   
00000086  __ISA__                                                     
00000099  __PLAT__                                                    
20010000  __STACK_END                                                 
00000400  __STACK_SIZE                                                
000000bc  __TARG__                                                    
000070c8  __TI_CINIT_Base                                             
000070d8  __TI_CINIT_Limit                                            
000070b4  __TI_Handler_Table_Base                                     
000070c0  __TI_Handler_Table_Limit                                    
00002591  __TI_auto_init                                              
20009180  __TI_cleanup_ptr                                            
000030a1  __TI_decompress_lzss                                        
00004f91  __TI_decompress_none                                        
20009184  __TI_dtors_ptr                                              
20009188  __TI_enable_exit_profile_output                             
ffffffff  __TI_pprof_out_hndl                                         
ffffffff  __TI_prof_data_size                                         
ffffffff  __TI_prof_data_start                                        
0000313b  __TI_readmsg                                                
00006e50  __TI_static_base__                                          
00003109  __TI_writemsg                                               
00004fe5  __TI_zero_init                                              
000000e2  __TRDR__                                                    
00002b3f  __aeabi_idiv0                                               
00002ac5  __aeabi_memclr                                              
00002ac5  __aeabi_memclr4                                             
00002ac5  __aeabi_memclr8                                             
000026cf  __aeabi_memcpy                                              
000026cf  __aeabi_memcpy4                                             
000026cf  __aeabi_memcpy8                                             
00002ac7  __aeabi_memset                                              
00002ac7  __aeabi_memset4                                             
00002ac7  __aeabi_memset8                                             
00003df9  __aeabi_uidiv                                               
00003df9  __aeabi_uidivmod                                            
ffffffff  __binit__                                                   
ffffffff  __c_args__                                                  
20008140  __primary_heap_end__                                        
20000140  __primary_heap_start__                                      
2000fc00  __stack                                                     
00004c61  _args_main                                                  
00003531  _c_int00                                                    
200091b0  _lock                                                       
00004da3  _nop                                                        
00004d9b  _register_lock                                              
00004d95  _register_unlock                                            
200091b4  _unlock                                                     
000036e5  abort                                                       
ffffffff  binit                                                       
00003971  copy_in                                                     
00002c35  current_Config                                              
200091bc  encoderLeft_cnt                                             
200091b8  encoderRight_cnt                                            
000036ed  exit                                                        
00006c4c  halHwi_ADC14                                                
00006c44  halHwi_Port3                                                
00006c48  halHwi_Port4                                                
00006c40  heap0                                                       
00003fed  main                                                        
20009208  main_func_sp                                                
000026cf  memcpy                                                      
00002acd  memset                                                      
00004c49  motor_task                                                  
00006c50  motor_task_handle                                           
00001901  motors_Config                                               
00001a05  motors_Drive                                                
20008bb0  resultsBuffer                                               
20008ba8  resultsBufferConv                                           
00004da9  strcpy                                                      
00004dbd  strlen                                                      
2000904c  ti_sysbios_BIOS_Module__state__V                            
00004b7d  ti_sysbios_BIOS_RtsGateProxy_Handle__label__S               
000017f5  ti_sysbios_BIOS_RtsGateProxy_enter__E                       
00002075  ti_sysbios_BIOS_RtsGateProxy_leave__E                       
000050c1  ti_sysbios_BIOS_RtsGateProxy_query__E                       
000041dd  ti_sysbios_BIOS_atExitFunc__I                               
000046ed  ti_sysbios_BIOS_errorRaiseHook__I                           
00004d51  ti_sysbios_BIOS_exitFunc__I                                 
00004e91  ti_sysbios_BIOS_exit__E                                     
000050d1  ti_sysbios_BIOS_linkedWithIncorrectBootLibrary__E           
00002bbb  ti_sysbios_BIOS_nullFunc__I                                 
00004711  ti_sysbios_BIOS_registerRTSLock__I                          
00004735  ti_sysbios_BIOS_removeRTSLock__I                            
000048e5  ti_sysbios_BIOS_rtsLock__I                                  
00004c79  ti_sysbios_BIOS_rtsUnlock__I                                
00004ea1  ti_sysbios_BIOS_setCpuFreq__E                               
00004eb1  ti_sysbios_BIOS_setThreadType__E                            
0000420d  ti_sysbios_BIOS_startFunc__I                                
00004ec1  ti_sysbios_BIOS_start__E                                    
00006d08  ti_sysbios_family_arm_m3_Hwi_E_NMI__C                       
00006d0c  ti_sysbios_family_arm_m3_Hwi_E_busFault__C                  
00006d10  ti_sysbios_family_arm_m3_Hwi_E_debugMon__C                  
00006d14  ti_sysbios_family_arm_m3_Hwi_E_hardFault__C                 
00006d18  ti_sysbios_family_arm_m3_Hwi_E_memFault__C                  
00006d1c  ti_sysbios_family_arm_m3_Hwi_E_noIsr__C                     
00006d20  ti_sysbios_family_arm_m3_Hwi_E_reserved__C                  
00006d24  ti_sysbios_family_arm_m3_Hwi_E_svCall__C                    
00006d28  ti_sysbios_family_arm_m3_Hwi_E_usageFault__C                
00004b49  ti_sysbios_family_arm_m3_Hwi_Handle__label__S               
20009220  ti_sysbios_family_arm_m3_Hwi_Module_State_0_excActive__A    
2000920c  ti_sysbios_family_arm_m3_Hwi_Module_State_0_excContext__A   
20009210  ti_sysbios_family_arm_m3_Hwi_Module_State_0_excStack__A     
00006e28  ti_sysbios_family_arm_m3_Hwi_Module__id__C                  
00004c91  ti_sysbios_family_arm_m3_Hwi_Module__startupDone__F         
00004c91  ti_sysbios_family_arm_m3_Hwi_Module__startupDone__S         
20008f90  ti_sysbios_family_arm_m3_Hwi_Module__state__V               
00003881  ti_sysbios_family_arm_m3_Hwi_Module_startup__E              
00006d2c  ti_sysbios_family_arm_m3_Hwi_NUM_INTERRUPTS__C              
00006d30  ti_sysbios_family_arm_m3_Hwi_Object__count__C               
00004dd1  ti_sysbios_family_arm_m3_Hwi_Object__get__S                 
20008e68  ti_sysbios_family_arm_m3_Hwi_Object__table__V               
00006d34  ti_sysbios_family_arm_m3_Hwi_ccr__C                         
000031d9  ti_sysbios_family_arm_m3_Hwi_dispatchC__I                   
20008940  ti_sysbios_family_arm_m3_Hwi_dispatchTable                  
00001cf5  ti_sysbios_family_arm_m3_Hwi_dispatch__I                    
00005079  ti_sysbios_family_arm_m3_Hwi_doSwiRestore__I                
00005089  ti_sysbios_family_arm_m3_Hwi_doTaskRestore__I               
[...]
00004cc1  ti_sysbios_family_arm_msp432_Timer_Module__startupDone__S   
00004cc1  ti_sysbios_knl_Clock_TimerProxy_Module__startupDone__S      
00004cd9  ti_sysbios_gates_GateMutex_leave__E                         
00004cf1  ti_sysbios_knl_Task_sleepTimeout__I                         
00004d09  xdc_runtime_Error_init__E                                   
00004d21  xdc_runtime_System_exit__E                                  
00004d39  xdc_runtime_Text_ropeText__E                                
00004d51  ti_sysbios_BIOS_exitFunc__I                                 
00004d69  ti_sysbios_knl_Task_unblock__E                              
00004d95  _register_unlock                                            
00004d9b  _register_lock                                              
00004da3  _nop                                                        
00004da9  strcpy                                                      
00004dbd  strlen                                                      
00004dd1  ti_sysbios_family_arm_m3_Hwi_Object__get__S                 
00004de9  ti_sysbios_family_arm_m3_Hwi_switchFromBootStack__E         
00004de9  ti_sysbios_hal_Hwi_HwiProxy_switchFromBootStack__E          
00004dfd  ti_sysbios_heaps_HeapMem_Object__get__S                     
00004e11  ti_sysbios_knl_Swi_Object__get__S                           
00004e29  ti_sysbios_hal_Hwi_Module_startup__E                        
00004e3b  xdc_runtime_Startup_exec__I                                 
00004e4d  ADC14_enableModule                                          
00004e5d  SysCtl_disableNMISource                                     
00004e6d  SysCtl_enableNMISource                                      
00004e7d  SysCtl_getNMISourceStatus                                   
00004e91  ti_sysbios_BIOS_exit__E                                     
00004ea1  ti_sysbios_BIOS_setCpuFreq__E                               
00004eb1  ti_sysbios_BIOS_setThreadType__E                            
00004ec1  ti_sysbios_BIOS_start__E                                    
00004ed1  ti_sysbios_family_arm_m3_TaskSupport_glue                   
00004ee1  ti_sysbios_family_arm_msp432_init_Boot_disableWatchdog      
00004ef1  ti_sysbios_gates_GateMutex_Instance_finalize__E             
00004f01  ti_sysbios_knl_Semaphore_Instance_finalize__E               
00004f11  ti_sysbios_knl_Swi_disable__E                               
00004f21  ti_sysbios_knl_Task_Object__get__S                          
00004f31  ti_sysbios_knl_Task_disable__E                              
00004f41  xdc_runtime_Gate_leaveSystem__E                             
00004f51  xdc_runtime_Memory_free__E                                  
00004f61  xdc_runtime_SysMin_ready__E                                 
00004f61  xdc_runtime_System_SupportProxy_ready__E                    
00004f71  xdc_runtime_System_vsnprintf__E                             
00004f81  xdc_runtime_Text_visitRope__I                               
00004f91  __TI_decompress_none                                        
00004fa1  ti_sysbios_knl_Idle_loop__E                                 
00004fb1  ti_sysbios_knl_Queue_empty__E                               
00004fbf  CPU_cpsid                                                   
00004fcb  CPU_cpsie                                                   
00004fd9  Power_getConstraintMask                                     
00004fe5  __TI_zero_init                                              
00004ff1  ti_sysbios_family_arm_m3_TaskSupport_checkStack__E          
00004ff1  ti_sysbios_knl_Task_SupportProxy_checkStack__E              
00005001  ti_sysbios_family_arm_msp432_Timer_getMaxTicks__E           
00005011  ti_sysbios_gates_GateHwi_enter__E                           
0000501d  ti_sysbios_knl_Queue_Object__get__S                         
00005029  xdc_runtime_Gate_enterSystem__E                             
00005035  xdc_runtime_Memory_calloc__E                                
00005041  xdc_runtime_Memory_getMaxDefaultTypeAlign__E                
0000504d  xdc_runtime_Startup_rtsDone__E                              
00005059  xdc_runtime_Memory_HeapProxy_alloc__E                       
00005063  xdc_runtime_Memory_HeapProxy_free__E                        
0000506d  MSP_EXP432P401R_initGeneral                                 
00005079  ti_sysbios_family_arm_m3_Hwi_doSwiRestore__I                
00005081  ti_sysbios_family_arm_m3_Hwi_startup__E                     
00005081  ti_sysbios_hal_Hwi_HwiProxy_startup__E                      
00005089  ti_sysbios_family_arm_m3_Hwi_doTaskRestore__I               
00005091  ti_sysbios_gates_GateHwi_leave__E                           
00005099  ti_sysbios_heaps_HeapMem_isBlocking__E                      
000050a1  ti_sysbios_knl_Queue_Instance_init__E                       
000050a9  ti_sysbios_knl_Swi_startup__E                               
000050af  xdc_runtime_System_Module_startup__E                        
000050b9  ti_sysbios_gates_GateHwi_query__E                           
000050b9  xdc_runtime_Main_Module_GateProxy_query__E                  
000050b9  xdc_runtime_System_Module_GateProxy_query__E                
000050c1  ti_sysbios_BIOS_RtsGateProxy_query__E                       
000050c1  ti_sysbios_gates_GateMutex_query__E                         
000050c1  ti_sysbios_heaps_HeapMem_Module_GateProxy_query__E          
000050c9  ti_sysbios_knl_Task_startup__E                              
000050d1  ti_sysbios_BIOS_linkedWithIncorrectBootLibrary__E           
000050d9  ti_sysbios_gates_GateHwi_Instance_init__E                   
000050e1  ti_sysbios_knl_Clock_logTick__E                             
000050e4  xdc_runtime_Text_charTab__A                                 
00006950  xdc_runtime_Text_nodeTab__A                                 
00006ac8  ti_sysbios_heaps_HeapMem_Module__FXNS__C                    
00006af0  ti_sysbios_gates_GateHwi_Module__FXNS__C                    
00006b14  ti_sysbios_gates_GateMutex_Module__FXNS__C                  
00006b38  ti_sysbios_heaps_HeapMem_Object__PARAMS__C                  
00006b5c  ti_sysbios_knl_Semaphore_Object__PARAMS__C                  
00006b80  ti_sysbios_gates_GateHwi_Object__DESC__C                    
00006ba0  ti_sysbios_gates_GateMutex_Object__DESC__C                  
00006bc0  ti_sysbios_heaps_HeapMem_Object__DESC__C                    
00006be0  ti_sysbios_knl_Queue_Object__DESC__C                        
00006c00  ti_sysbios_knl_Semaphore_Object__DESC__C                    
00006c20  xdc_runtime_Startup_sfxnTab__A                              
00006c40  heap0                                                       
00006c44  halHwi_Port3                                                
00006c48  halHwi_Port4                                                
00006c4c  halHwi_ADC14                                                
00006c50  motor_task_handle                                           
00006c54  ADC_task_handle                                             
00006c58  ADC_sem                                                     
00006c5c  PowerMSP432_config                                          
00006c74  ti_sysbios_gates_GateHwi_Object__PARAMS__C                  
00006c8c  ti_sysbios_gates_GateMutex_Object__PARAMS__C                
00006ca4  ti_sysbios_knl_Queue_Object__PARAMS__C                      
00006cbc  xdc_runtime_Startup_sfxnRts__A                              
00006ccc  xdc_runtime_Startup_firstFxns__A                            
00006ce0  ti_sysbios_family_arm_m3_Hwi_excHookFuncs__A                
00006ce8  ti_sysbios_knl_Idle_funcList__A                             
00006cf0  ti_sysbios_knl_Idle_funcList__C                             
00006cf8  xdc_runtime_Startup_firstFxns__C                            
00006d00  xdc_runtime_Startup_lastFxns__C                             
00006d08  ti_sysbios_family_arm_m3_Hwi_E_NMI__C                       
00006d0c  ti_sysbios_family_arm_m3_Hwi_E_busFault__C                  
00006d10  ti_sysbios_family_arm_m3_Hwi_E_debugMon__C                  
00006d14  ti_sysbios_family_arm_m3_Hwi_E_hardFault__C                 
00006d18  ti_sysbios_family_arm_m3_Hwi_E_memFault__C                  
00006d1c  ti_sysbios_family_arm_m3_Hwi_E_noIsr__C                     
00006d20  ti_sysbios_family_arm_m3_Hwi_E_reserved__C                  
00006d24  ti_sysbios_family_arm_m3_Hwi_E_svCall__C                    
00006d28  ti_sysbios_family_arm_m3_Hwi_E_usageFault__C                
00006d2c  ti_sysbios_family_arm_m3_Hwi_NUM_INTERRUPTS__C              
00006d30  ti_sysbios_family_arm_m3_Hwi_Object__count__C               
00006d34  ti_sysbios_family_arm_m3_Hwi_ccr__C                         
00006d38  ti_sysbios_family_arm_m3_Hwi_excHandlerFunc__C              
00006d3c  ti_sysbios_family_arm_m3_Hwi_excHookFuncs__C                
00006d40  ti_sysbios_family_arm_m3_Hwi_nullIsrFunc__C                 
00006d44  ti_sysbios_family_arm_m3_Hwi_priGroup__C                    
00006d48  ti_sysbios_family_arm_m3_Hwi_swiDisable__C                  
00006d4c  ti_sysbios_family_arm_m3_Hwi_swiRestoreHwi__C               
00006d50  ti_sysbios_family_arm_msp432_Timer_numTimerDevices__C       
00006d54  ti_sysbios_family_arm_msp432_Timer_startupNeeded__C         
00006d58  ti_sysbios_gates_GateMutex_Instance_State_sem__O            
00006d5c  ti_sysbios_hal_Hwi_E_stackOverflow__C                       
00006d60  ti_sysbios_heaps_HeapMem_E_memory__C                        
00006d64  ti_sysbios_heaps_HeapMem_Module__gateObj__C                 
00006d68  ti_sysbios_heaps_HeapMem_Object__count__C                   
00006d6c  ti_sysbios_heaps_HeapMem_primaryHeapBaseAddr__C             
00006d70  ti_sysbios_heaps_HeapMem_primaryHeapEndAddr__C              
00006d74  ti_sysbios_heaps_HeapMem_reqAlign__C                        
00006d78  ti_sysbios_knl_Clock_Module_State_clockQ__O                 
00006d7c  ti_sysbios_knl_Semaphore_Instance_State_pendQ__O            
00006d80  ti_sysbios_knl_Swi_Object__count__C                         
00006d84  ti_sysbios_knl_Task_E_spOutOfBounds__C                      
00006d88  ti_sysbios_knl_Task_E_stackOverflow__C                      
00006d8c  ti_sysbios_knl_Task_Module_State_inactiveQ__O               
00006d90  ti_sysbios_knl_Task_Object__count__C                        
00006d94  ti_sysbios_knl_Task_allBlockedFunc__C                       
00006d98  ti_sysbios_knl_Task_numConstructedTasks__C                  
00006d9c  xdc_runtime_Assert_E_assertFailed__C                        
00006da0  xdc_runtime_Core_A_initializedParams__C                     
00006da4  xdc_runtime_Core_Module__diagsEnabled__C                    
00006da8  xdc_runtime_Core_Module__diagsIncluded__C                   
00006dac  xdc_runtime_Core_Module__diagsMask__C                       
00006db0  xdc_runtime_Error_E_memory__C                               
00006db4  xdc_runtime_Error_Module__diagsEnabled__C                   
00006db8  xdc_runtime_Error_Module__diagsIncluded__C                  
00006dbc  xdc_runtime_Error_Module__diagsMask__C                      
00006dc0  xdc_runtime_Error_Module__loggerFxn8__C                     
00006dc4  xdc_runtime_Error_Module__loggerObj__C                      
00006dc8  xdc_runtime_Error_policyFxn__C                              
00006dcc  xdc_runtime_Error_raiseHook__C                              
00006dd0  xdc_runtime_IGateProvider_Interface__BASE__C                
00006dd4  xdc_runtime_IHeap_Interface__BASE__C                        
00006dd8  xdc_runtime_IModule_Interface__BASE__C                      
00006ddc  xdc_runtime_Log_L_error__C                                  
00006de0  xdc_runtime_Memory_defaultHeapInstance__C                   
00006de4  xdc_runtime_Startup_execImpl__C                             
00006de8  xdc_runtime_Startup_maxPasses__C                            
00006dec  xdc_runtime_Startup_sfxnRts__C                              
00006df0  xdc_runtime_Startup_sfxnTab__C                              
00006df4  xdc_runtime_SysMin_bufSize__C                               
00006df8  xdc_runtime_SysMin_outputFunc__C                            
00006dfc  xdc_runtime_System_Module__gateObj__C                       
00006e00  xdc_runtime_System_abortFxn__C                              
00006e04  xdc_runtime_System_exitFxn__C                               
00006e08  xdc_runtime_System_extendFxn__C                             
00006e0c  xdc_runtime_System_maxAtexitHandlers__C                     
00006e10  xdc_runtime_Text_charTab__C                                 
00006e14  xdc_runtime_Text_nameEmpty__C                               
00006e18  xdc_runtime_Text_nameStatic__C                              
00006e1c  xdc_runtime_Text_nameUnknown__C                             
00006e20  xdc_runtime_Text_nodeTab__C                                 
00006e24  xdc_runtime_Text_visitRopeFxn__C                            
00006e28  ti_sysbios_family_arm_m3_Hwi_Module__id__C                  
00006e2a  ti_sysbios_family_arm_msp432_init_Boot_bypassHFXT__C        
00006e2c  ti_sysbios_family_arm_msp432_init_Boot_bypassLFXT__C        
00006e2e  ti_sysbios_family_arm_msp432_init_Boot_enableHFXT__C        
00006e30  ti_sysbios_family_arm_msp432_init_Boot_enableLFXT__C        
00006e32  ti_sysbios_hal_Hwi_Module__id__C                            
00006e34  ti_sysbios_heaps_HeapMem_Module__id__C                      
00006e36  ti_sysbios_knl_Task_Module__id__C                           
00006e38  xdc_runtime_Core_Module__id__C                              
00006e3a  xdc_runtime_Error_Module__loggerDefined__C                  
00006e3c  xdc_runtime_Error_maxDepth__C                               
00006e3e  xdc_runtime_Memory_Module__id__C                            
00006e40  xdc_runtime_SysMin_flushAtExit__C                           
00006e42  xdc_runtime_Text_charCnt__C                                 
00006e44  xdc_runtime_Text_isLoaded__C                                
00006e46  xdc_runtime_Text_registryModsLastId__C                      
00006e48  xdc_runtime_Text_unnamedModsLastId__C                       
00006e4a  xdc_runtime_Error_policy__C                                 
00006e50  __TI_static_base__                                          
000070b4  __TI_Handler_Table_Base                                     
000070c0  __TI_Handler_Table_Limit                                    
000070c8  __TI_CINIT_Base                                             
000070d8  __TI_CINIT_Limit                                            
00008000  HEAPSIZE                                                    
20000000  ti_sysbios_family_arm_m3_Hwi_ramVectors                     
20000140  __primary_heap_start__                                      
20008140  __primary_heap_end__                                        
20008140  ti_sysbios_knl_Task_Instance_State_0_stack__A               
20008340  ti_sysbios_knl_Task_Instance_State_1_stack__A               
20008540  ti_sysbios_knl_Task_Instance_State_2_stack__A               
20008740  xdc_runtime_SysMin_Module_State_0_outbuf__A                 
20008940  ti_sysbios_family_arm_m3_Hwi_dispatchTable                  
20008a80  __CIOBUF_                                                   
20008ba8  resultsBufferConv                                           
20008bb0  resultsBuffer                                               
20008bb4  ti_sysbios_knl_Task_Object__table__V                        
20008c98  PowerMSP432_perfLevels                                      
20008d68  ti_sysbios_knl_Swi_Module_State_0_readyQ__A                 
20008de8  ti_sysbios_knl_Task_Module_State_0_readyQ__A                
20008e68  ti_sysbios_family_arm_m3_Hwi_Object__table__V               
20008ec8  ti_sysbios_family_arm_msp432_Timer_Object__table__V         
20008f14  ti_sysbios_knl_Task_Module__state__V                        
20008f58  ti_sysbios_gates_GateMutex_Object__table__V                 
20008f90  ti_sysbios_family_arm_m3_Hwi_Module__state__V               
20008fc4  ti_sysbios_knl_Swi_Object__table__V                         
20008ff4  PowerMSP432_module                                          
20009020  ti_sysbios_knl_Clock_Module__state__V                       
2000904c  ti_sysbios_BIOS_Module__state__V                            
20009070  ti_sysbios_family_arm_msp432_Timer_Module_State_0_device__A 
20009090  xdc_runtime_Error_IgnoreBlock                               
200090b0  ti_sysbios_knl_Swi_Module__state__V                         
2000912c  ti_sysbios_hal_Hwi_Object__table__V                         
20009144  ti_sysbios_heaps_HeapMem_Object__table__V                   
2000915c  ti_sysbios_knl_Semaphore_Object__table__V                   
20009170  ti_sysbios_family_arm_msp432_Timer_Module_State_0_handles__A
20009180  __TI_cleanup_ptr                                            
20009184  __TI_dtors_ptr                                              
20009188  __TI_enable_exit_profile_output                             
2000918c  ti_sysbios_family_arm_msp432_ClockFreqs_Module__state__V    
20009198  ti_sysbios_family_arm_msp432_Timer_Module__state__V         
200091a4  xdc_runtime_SysMin_Module__state__V                         
200091b0  _lock                                                       
200091b4  _unlock                                                     
200091b8  encoderRight_cnt                                            
200091bc  encoderLeft_cnt                                             
200091c0  ti_sysbios_gates_GateHwi_Module__root__V                    
200091c8  ti_sysbios_gates_GateMutex_Module__root__V                  
200091d0  ti_sysbios_heaps_HeapMem_Module__root__V                    
200091d8  ti_sysbios_knl_Queue_Module__root__V                        
200091e0  ti_sysbios_knl_Semaphore_Module__root__V                    
200091e8  xdc_runtime_Registry_Module__state__V                       
200091f0  xdc_runtime_Startup_Module__state__V                        
200091f8  xdc_runtime_System_Module_State_0_atexitHandlers__A         
20009200  xdc_runtime_System_Module__state__V                         
20009208  main_func_sp                                                
2000920c  ti_sysbios_family_arm_m3_Hwi_Module_State_0_excContext__A   
20009210  ti_sysbios_family_arm_m3_Hwi_Module_State_0_excStack__A     
20009214  ti_sysbios_gates_GateHwi_Object__table__V                   
20009218  ti_sysbios_knl_Task_Module_State_0_idleTask__A              
2000921c  xdc_runtime_Memory_Module__state__V                         
20009220  ti_sysbios_family_arm_m3_Hwi_Module_State_0_excActive__A    
20009222  xdc_runtime_Error_Module__state__V                          
2000fc00  __stack                                                     
20010000  __STACK_END                                                 
4000480c  WDTCTL_SYM                                                  
e000e000  ti_sysbios_family_arm_m3_Hwi_nvic                           
ffffffff  __TI_pprof_out_hndl                                         
ffffffff  __TI_prof_data_size                                         
ffffffff  __TI_prof_data_start                                        
ffffffff  __binit__                                                   
ffffffff  __c_args__                                                  
ffffffff  binit                                                       
UNDEFED   SHT$$INIT_ARRAY$$Base                                       
UNDEFED   SHT$$INIT_ARRAY$$Limit                                      

[530 symbols]
